Archive member included to satisfy reference by file (symbol)

e:/imt/tools/sdk/imt_sdk_win_64/winarm/armgcc/bin/../lib/gcc/arm-none-eabi/7.2.1/../../../../arm-none-eabi/lib/thumb/v7-m\libg_nano.a(lib_a-errno.o)
                              ./system/src/newlib/_sbrk.o (__errno)
e:/imt/tools/sdk/imt_sdk_win_64/winarm/armgcc/bin/../lib/gcc/arm-none-eabi/7.2.1/../../../../arm-none-eabi/lib/thumb/v7-m\libg_nano.a(lib_a-impure.o)
                              e:/imt/tools/sdk/imt_sdk_win_64/winarm/armgcc/bin/../lib/gcc/arm-none-eabi/7.2.1/../../../../arm-none-eabi/lib/thumb/v7-m\libg_nano.a(lib_a-errno.o) (_impure_ptr)
e:/imt/tools/sdk/imt_sdk_win_64/winarm/armgcc/bin/../lib/gcc/arm-none-eabi/7.2.1/../../../../arm-none-eabi/lib/thumb/v7-m\libg_nano.a(lib_a-strlen.o)
                              ./system/src/diag/Trace.o (strlen)
e:/imt/tools/sdk/imt_sdk_win_64/winarm/armgcc/bin/../lib/gcc/arm-none-eabi/7.2.1/../../../../arm-none-eabi/lib/thumb/v7-m\libg_nano.a(lib_a-vsnprintf.o)
                              ./system/src/diag/Trace.o (vsnprintf)
e:/imt/tools/sdk/imt_sdk_win_64/winarm/armgcc/bin/../lib/gcc/arm-none-eabi/7.2.1/../../../../arm-none-eabi/lib/thumb/v7-m\libg_nano.a(lib_a-nano-svfprintf.o)
                              e:/imt/tools/sdk/imt_sdk_win_64/winarm/armgcc/bin/../lib/gcc/arm-none-eabi/7.2.1/../../../../arm-none-eabi/lib/thumb/v7-m\libg_nano.a(lib_a-vsnprintf.o) (_svfprintf_r)
e:/imt/tools/sdk/imt_sdk_win_64/winarm/armgcc/bin/../lib/gcc/arm-none-eabi/7.2.1/../../../../arm-none-eabi/lib/thumb/v7-m\libg_nano.a(lib_a-nano-vfprintf_i.o)
                              e:/imt/tools/sdk/imt_sdk_win_64/winarm/armgcc/bin/../lib/gcc/arm-none-eabi/7.2.1/../../../../arm-none-eabi/lib/thumb/v7-m\libg_nano.a(lib_a-nano-svfprintf.o) (_printf_i)
e:/imt/tools/sdk/imt_sdk_win_64/winarm/armgcc/bin/../lib/gcc/arm-none-eabi/7.2.1/../../../../arm-none-eabi/lib/thumb/v7-m\libg_nano.a(lib_a-memchr-stub.o)
                              e:/imt/tools/sdk/imt_sdk_win_64/winarm/armgcc/bin/../lib/gcc/arm-none-eabi/7.2.1/../../../../arm-none-eabi/lib/thumb/v7-m\libg_nano.a(lib_a-nano-svfprintf.o) (memchr)
e:/imt/tools/sdk/imt_sdk_win_64/winarm/armgcc/bin/../lib/gcc/arm-none-eabi/7.2.1/../../../../arm-none-eabi/lib/thumb/v7-m\libg_nano.a(lib_a-memcpy-stub.o)
                              e:/imt/tools/sdk/imt_sdk_win_64/winarm/armgcc/bin/../lib/gcc/arm-none-eabi/7.2.1/../../../../arm-none-eabi/lib/thumb/v7-m\libg_nano.a(lib_a-nano-svfprintf.o) (memcpy)
e:/imt/tools/sdk/imt_sdk_win_64/winarm/armgcc/bin/../lib/gcc/arm-none-eabi/7.2.1/../../../../arm-none-eabi/lib/thumb/v7-m\libg_nano.a(lib_a-memmove.o)
                              e:/imt/tools/sdk/imt_sdk_win_64/winarm/armgcc/bin/../lib/gcc/arm-none-eabi/7.2.1/../../../../arm-none-eabi/lib/thumb/v7-m\libg_nano.a(lib_a-nano-svfprintf.o) (memmove)
e:/imt/tools/sdk/imt_sdk_win_64/winarm/armgcc/bin/../lib/gcc/arm-none-eabi/7.2.1/../../../../arm-none-eabi/lib/thumb/v7-m\libg_nano.a(lib_a-nano-freer.o)
                              e:/imt/tools/sdk/imt_sdk_win_64/winarm/armgcc/bin/../lib/gcc/arm-none-eabi/7.2.1/../../../../arm-none-eabi/lib/thumb/v7-m\libg_nano.a(lib_a-nano-svfprintf.o) (_free_r)
e:/imt/tools/sdk/imt_sdk_win_64/winarm/armgcc/bin/../lib/gcc/arm-none-eabi/7.2.1/../../../../arm-none-eabi/lib/thumb/v7-m\libg_nano.a(lib_a-nano-mallocr.o)
                              e:/imt/tools/sdk/imt_sdk_win_64/winarm/armgcc/bin/../lib/gcc/arm-none-eabi/7.2.1/../../../../arm-none-eabi/lib/thumb/v7-m\libg_nano.a(lib_a-nano-svfprintf.o) (_malloc_r)
e:/imt/tools/sdk/imt_sdk_win_64/winarm/armgcc/bin/../lib/gcc/arm-none-eabi/7.2.1/../../../../arm-none-eabi/lib/thumb/v7-m\libg_nano.a(lib_a-nano-reallocr.o)
                              e:/imt/tools/sdk/imt_sdk_win_64/winarm/armgcc/bin/../lib/gcc/arm-none-eabi/7.2.1/../../../../arm-none-eabi/lib/thumb/v7-m\libg_nano.a(lib_a-nano-svfprintf.o) (_realloc_r)
e:/imt/tools/sdk/imt_sdk_win_64/winarm/armgcc/bin/../lib/gcc/arm-none-eabi/7.2.1/../../../../arm-none-eabi/lib/thumb/v7-m\libg_nano.a(lib_a-sbrkr.o)
                              e:/imt/tools/sdk/imt_sdk_win_64/winarm/armgcc/bin/../lib/gcc/arm-none-eabi/7.2.1/../../../../arm-none-eabi/lib/thumb/v7-m\libg_nano.a(lib_a-nano-mallocr.o) (_sbrk_r)
e:/imt/tools/sdk/imt_sdk_win_64/winarm/armgcc/bin/../lib/gcc/arm-none-eabi/7.2.1/../../../../arm-none-eabi/lib/thumb/v7-m\libg_nano.a(lib_a-mlock.o)
                              e:/imt/tools/sdk/imt_sdk_win_64/winarm/armgcc/bin/../lib/gcc/arm-none-eabi/7.2.1/../../../../arm-none-eabi/lib/thumb/v7-m\libg_nano.a(lib_a-nano-freer.o) (__malloc_lock)
e:/imt/tools/sdk/imt_sdk_win_64/winarm/armgcc/bin/../lib/gcc/arm-none-eabi/7.2.1/../../../../arm-none-eabi/lib/thumb/v7-m\libg_nano.a(lib_a-nano-msizer.o)
                              e:/imt/tools/sdk/imt_sdk_win_64/winarm/armgcc/bin/../lib/gcc/arm-none-eabi/7.2.1/../../../../arm-none-eabi/lib/thumb/v7-m\libg_nano.a(lib_a-nano-reallocr.o) (_malloc_usable_size_r)

Allocating common symbols
[...]
Memory Configuration

Name             Origin             Length             Attributes
RAM              0x20000000         0x00005000         xrw
CCMRAM           0x00000000         0x00000000         xrw
FLASH            0x08000000         0x00010000         xr
FLASHB1          0x00000000         0x00000000         xr
EXTMEMB0         0x00000000         0x00000000         xr
EXTMEMB1         0x00000000         0x00000000         xr
EXTMEMB2         0x00000000         0x00000000         xr
EXTMEMB3         0x00000000         0x00000000         xr
MEMORY_ARRAY     0x00000000         0x00000000         xrw
*default*        0x00000000         0xffffffff

Linker script and memory map

LOAD ./system/src/stm32f1-stdperiph/misc.o
LOAD ./system/src/stm32f1-stdperiph/stm32f10x_gpio.o
LOAD ./system/src/stm32f1-stdperiph/stm32f10x_rcc.o
LOAD ./system/src/newlib/_cxx.o
LOAD ./system/src/newlib/_exit.o
LOAD ./system/src/newlib/_sbrk.o
LOAD ./system/src/newlib/_startup.o
LOAD ./system/src/newlib/_syscalls.o
LOAD ./system/src/newlib/assert.o
LOAD ./system/src/diag/Trace.o
LOAD ./system/src/diag/trace_impl.o
LOAD ./system/src/cortexm/_initialize_hardware.o
LOAD ./system/src/cortexm/_reset_hardware.o
LOAD ./system/src/cmsis/system_stm32f10x.o
LOAD ./system/src/cmsis/vectors_stm32f10x.o
LOAD ./src/DIO_Program.o
LOAD ./src/ESP_Program.o
LOAD ./src/NVIC_Program.o
LOAD ./src/RCC_Program.o
LOAD ./src/SyStick_Program.o
LOAD ./src/UART_Program.o
LOAD ./src/main.o
LOAD e:/imt/tools/sdk/imt_sdk_win_64/winarm/armgcc/bin/../lib/gcc/arm-none-eabi/7.2.1/../../../../arm-none-eabi/lib/thumb/v7-m\libstdc++_nano.a
LOAD e:/imt/tools/sdk/imt_sdk_win_64/winarm/armgcc/bin/../lib/gcc/arm-none-eabi/7.2.1/../../../../arm-none-eabi/lib/thumb/v7-m\libm.a
START GROUP
LOAD e:/imt/tools/sdk/imt_sdk_win_64/winarm/armgcc/bin/../lib/gcc/arm-none-eabi/7.2.1/thumb/v7-m\libgcc.a
LOAD e:/imt/tools/sdk/imt_sdk_win_64/winarm/armgcc/bin/../lib/gcc/arm-none-eabi/7.2.1/../../../../arm-none-eabi/lib/thumb/v7-m\libg_nano.a
LOAD e:/imt/tools/sdk/imt_sdk_win_64/winarm/armgcc/bin/../lib/gcc/arm-none-eabi/7.2.1/../../../../arm-none-eabi/lib/thumb/v7-m\libc_nano.a
END GROUP
START GROUP
LOAD e:/imt/tools/sdk/imt_sdk_win_64/winarm/armgcc/bin/../lib/gcc/arm-none-eabi/7.2.1/thumb/v7-m\libgcc.a
LOAD e:/imt/tools/sdk/imt_sdk_win_64/winarm/armgcc/bin/../lib/gcc/arm-none-eabi/7.2.1/../../../../arm-none-eabi/lib/thumb/v7-m\libc_nano.a
END GROUP
                0x20005000                __stack = (ORIGIN (RAM) + LENGTH (RAM))
                0x20005000                _estack = __stack
                0x00000400                __Main_Stack_Size = 0x400
                [!provide]                PROVIDE (_Main_Stack_Size, __Main_Stack_Size)
                0x20004c00                __Main_Stack_Limit = (__stack - __Main_Stack_Size)
                [!provide]                PROVIDE (_Main_Stack_Limit, __Main_Stack_Limit)
                0x00000100                _Minimum_Stack_Size = 0x100
                0x2000013c                PROVIDE (_Heap_Begin, _end_noinit)
                0x20004c00                PROVIDE (_Heap_Limit, (__stack - __Main_Stack_Size))

.isr_vector     0x08000000      0x224
 FILL mask 0xff
                0x08000000                __vectors_start = ABSOLUTE (.)
                0x08000000                __vectors_start__ = ABSOLUTE (.)
 *(.isr_vector)
 .isr_vector    0x08000000      0x10c ./system/src/cmsis/vectors_stm32f10x.o
                0x08000000                __isr_vectors
 *(.cfmconfig)
 *(.after_vectors .after_vectors.*)
 .after_vectors
                0x0800010c      0x114 ./system/src/newlib/_startup.o
                0x0800010c                _start
 .after_vectors
                0x08000220        0x4 ./system/src/cmsis/vectors_stm32f10x.o
                0x08000220                EXTI2_IRQHandler
                0x08000220                TIM8_TRG_COM_IRQHandler
                0x08000220                TIM8_CC_IRQHandler
                0x08000220                TIM1_CC_IRQHandler
                0x08000220                TIM6_IRQHandler
                0x08000220                PVD_IRQHandler
                0x08000220                SDIO_IRQHandler
                0x08000220                CAN2_RX1_IRQHandler
                0x08000220                EXTI3_IRQHandler
                0x08000220                TIM8_TRG_COM_TIM14_IRQHandler
                0x08000220                TIM1_UP_TIM10_IRQHandler
                0x08000220                TIM8_UP_TIM13_IRQHandler
                0x08000220                EXTI0_IRQHandler
                0x08000220                I2C2_EV_IRQHandler
                0x08000220                CAN1_RX0_IRQHandler
                0x08000220                TIM1_UP_TIM16_IRQHandler
                0x08000220                CAN2_SCE_IRQHandler
                0x08000220                ADC1_2_IRQHandler
                0x08000220                SPI1_IRQHandler
                0x08000220                TAMPER_IRQHandler
                0x08000220                TIM6_DAC_IRQHandler
                0x08000220                TIM1_BRK_TIM9_IRQHandler
                0x08000220                CAN2_RX0_IRQHandler
                0x08000220                TIM8_UP_IRQHandler
                0x08000220                DMA2_Channel2_IRQHandler
                0x08000220                DMA1_Channel4_IRQHandler
                0x08000220                USART3_IRQHandler
                0x08000220                RTC_IRQHandler
                0x08000220                DMA1_Channel7_IRQHandler
                0x08000220                CAN1_RX1_IRQHandler
                0x08000220                UART5_IRQHandler
                0x08000220                ADC3_IRQHandler
                0x08000220                TIM4_IRQHandler
                0x08000220                DMA2_Channel1_IRQHandler
                0x08000220                I2C1_EV_IRQHandler
                0x08000220                DMA1_Channel6_IRQHandler
                0x08000220                UART4_IRQHandler
                0x08000220                DMA2_Channel4_IRQHandler
                0x08000220                TIM3_IRQHandler
                0x08000220                RCC_IRQHandler
                0x08000220                TIM8_BRK_TIM12_IRQHandler
                0x08000220                TIM1_TRG_COM_IRQHandler
                0x08000220                DMA1_Channel1_IRQHandler
                0x08000220                Default_Handler
                0x08000220                CEC_IRQHandler
                0x08000220                EXTI15_10_IRQHandler
                0x08000220                TIM14_IRQHandler
                0x08000220                TIM13_IRQHandler
                0x08000220                TIM12_IRQHandler
                0x08000220                TIM7_IRQHandler
                0x08000220                CAN2_TX_IRQHandler
                0x08000220                TIM5_IRQHandler
                0x08000220                EXTI9_5_IRQHandler
                0x08000220                ETH_WKUP_IRQHandler
                0x08000220                SPI2_IRQHandler
                0x08000220                CAN1_TX_IRQHandler
                0x08000220                DMA2_Channel5_IRQHandler
                0x08000220                DMA1_Channel5_IRQHandler
                0x08000220                EXTI4_IRQHandler
                0x08000220                USB_LP_CAN1_RX0_IRQHandler
                0x08000220                TIM1_TRG_COM_TIM17_IRQHandler
                0x08000220                USB_HP_CAN1_TX_IRQHandler
                0x08000220                DMA1_Channel3_IRQHandler
                0x08000220                FSMC_IRQHandler
                0x08000220                ETH_IRQHandler
                0x08000220                TIM1_UP_IRQHandler
                0x08000220                WWDG_IRQHandler
                0x08000220                TIM2_IRQHandler
                0x08000220                OTG_FS_WKUP_IRQHandler
                0x08000220                TIM1_TRG_COM_TIM11_IRQHandler
                0x08000220                TIM1_BRK_IRQHandler
                0x08000220                EXTI1_IRQHandler
                0x08000220                RTCAlarm_IRQHandler
                0x08000220                DMA2_Channel4_5_IRQHandler
                0x08000220                USART2_IRQHandler
                0x08000220                I2C2_ER_IRQHandler
                0x08000220                DMA1_Channel2_IRQHandler
                0x08000220                TIM8_BRK_IRQHandler
                0x08000220                CAN1_SCE_IRQHandler
                0x08000220                FLASH_IRQHandler
                0x08000220                OTG_FS_IRQHandler
                0x08000220                SPI3_IRQHandler
                0x08000220                I2C1_ER_IRQHandler
                0x08000220                USBWakeUp_IRQHandler
                0x08000220                DMA2_Channel3_IRQHandler
                0x08000220                TIM1_BRK_TIM15_IRQHandler

.inits          0x08000224       0x28
                0x08000224                __data_regions_array_start = .
                0x08000224        0x4 LONG 0x8000ab0 LOADADDR (.data)
                0x08000228        0x4 LONG 0x20000000 ADDR (.data)
                0x0800022c        0x4 LONG 0x20000024 (ADDR (.data) + SIZEOF (.data))
                0x08000230        0x4 LONG 0x8000ab0 LOADADDR (.data_CCMRAM)
                0x08000234        0x4 LONG 0x0 ADDR (.data_CCMRAM)
                0x08000238        0x4 LONG 0x0 (ADDR (.data_CCMRAM) + SIZEOF (.data_CCMRAM))
                0x0800023c                __data_regions_array_end = .
                0x0800023c                __bss_regions_array_start = .
                0x0800023c        0x4 LONG 0x20000024 ADDR (.bss)
                0x08000240        0x4 LONG 0x2000013c (ADDR (.bss) + SIZEOF (.bss))
                0x08000244        0x4 LONG 0x0 ADDR (.bss_CCMRAM)
                0x08000248        0x4 LONG 0x0 (ADDR (.bss_CCMRAM) + SIZEOF (.bss_CCMRAM))
                0x0800024c                __bss_regions_array_end = .
 *(.init)
 *(.fini)
                0x0800024c                . = ALIGN (0x4)
                0x0800024c                PROVIDE (__preinit_array_start, .)
 *(.preinit_array_sysinit .preinit_array_sysinit.*)
 *(.preinit_array_platform .preinit_array_platform.*)
 *(.preinit_array .preinit_array.*)
                0x0800024c                PROVIDE (__preinit_array_end, .)
                0x0800024c                . = ALIGN (0x4)
                0x0800024c                PROVIDE (__init_array_start, .)
 *(SORT_BY_NAME(.init_array.*))
 *(.init_array)
                0x0800024c                PROVIDE (__init_array_end, .)
                0x0800024c                . = ALIGN (0x4)
                0x0800024c                PROVIDE (__fini_array_start, .)
 *(SORT_BY_NAME(.fini_array.*))
 *(.fini_array)
                0x0800024c                PROVIDE (__fini_array_end, .)

.flashtext
 *(.flashtext .flashtext.*)

.text           0x0800024c      0x864
 *(.text .text.*)
 .text._exit    0x0800024c        0x2 ./system/src/newlib/_exit.o
                0x0800024c                _exit
 *fill*         0x0800024e        0x2 
 .text.__initialize_args
                0x08000250       0x10 ./system/src/newlib/_syscalls.o
                0x08000250                __initialize_args
 .text.__initialize_hardware_early
                0x08000260       0x18 ./system/src/cortexm/_initialize_hardware.o
                0x08000260                __initialize_hardware_early
 .text.__initialize_hardware
                0x08000278        0x8 ./system/src/cortexm/_initialize_hardware.o
                0x08000278                __initialize_hardware
 .text.SetSysClockTo72
                0x08000280       0xc4 ./system/src/cmsis/system_stm32f10x.o
 .text.SetSysClock
                0x08000344        0x8 ./system/src/cmsis/system_stm32f10x.o
 .text.SystemInit
                0x0800034c       0x50 ./system/src/cmsis/system_stm32f10x.o
                0x0800034c                SystemInit
 .text.SystemCoreClockUpdate
                0x0800039c       0x94 ./system/src/cmsis/system_stm32f10x.o
                0x0800039c                SystemCoreClockUpdate
 .text.GPIO_vidSetPinDirection
                0x08000430       0xf0 ./src/DIO_Program.o
                0x08000430                GPIO_vidSetPinDirection
 .text.GPIO_vidSetPinValue
                0x08000520       0x8c ./src/DIO_Program.o
                0x08000520                GPIO_vidSetPinValue
 .text.MUSART1_CallBackFunction
                0x080005ac       0x20 ./src/ESP_Program.o
                0x080005ac                MUSART1_CallBackFunction
 .text.ESP_vidClearBuffer
                0x080005cc       0x28 ./src/ESP_Program.o
                0x080005cc                ESP_vidClearBuffer
 .text.ESP_vidInit
                0x080005f4       0x84 ./src/ESP_Program.o
                0x080005f4                ESP_vidInit
 .text.ESP_vidConnectWiFi
                0x08000678       0x48 ./src/ESP_Program.o
                0x08000678                ESP_vidConnectWiFi
 .text.ESP_vidConnectServerTCP
                0x080006c0       0x40 ./src/ESP_Program.o
                0x080006c0                ESP_vidConnectServerTCP
 .text.ESP_vidGetFileFromServer
                0x08000700       0x40 ./src/ESP_Program.o
                0x08000700                ESP_vidGetFileFromServer
 .text.MNVIC_vidSetPriority
                0x08000740        0xc ./src/NVIC_Program.o
                0x08000740                MNVIC_vidSetPriority
 .text.MNVIC_vidEnableInterrupt
                0x0800074c       0x1c ./src/NVIC_Program.o
                0x0800074c                MNVIC_vidEnableInterrupt
 .text.RCC_vidInit
                0x08000768       0x40 ./src/RCC_Program.o
                0x08000768                RCC_vidInit
 .text.RCC_vidEnableClock
                0x080007a8       0x44 ./src/RCC_Program.o
                0x080007a8                RCC_vidEnableClock
 .text.MSTK_vidInit
                0x080007ec       0x20 ./src/SyStick_Program.o
                0x080007ec                MSTK_vidInit
 .text.MSTK_vidSetBusyWait
                0x0800080c       0x34 ./src/SyStick_Program.o
                0x0800080c                MSTK_vidSetBusyWait
 .text.SysTick_Handler
                0x08000840       0x24 ./src/SyStick_Program.o
                0x08000840                SysTick_Handler
 .text.MUSART1_vidInit
                0x08000864       0x50 ./src/UART_Program.o
                0x08000864                MUSART1_vidInit
 .text.MUSART1_vidTransmitChar
                0x080008b4       0x20 ./src/UART_Program.o
                0x080008b4                MUSART1_vidTransmitChar
 .text.MUSART1_vidTransmitString
                0x080008d4       0x18 ./src/UART_Program.o
                0x080008d4                MUSART1_vidTransmitString
 .text.MUSART1_u8ReceiveChar
                0x080008ec        0xc ./src/UART_Program.o
                0x080008ec                MUSART1_u8ReceiveChar
 .text.MUSART1_vidSetCallBack
                0x080008f8        0xc ./src/UART_Program.o
                0x080008f8                MUSART1_vidSetCallBack
 .text.USART1_IRQHandler
                0x08000904       0x10 ./src/UART_Program.o
                0x08000904                USART1_IRQHandler
 .text.MUSART1_vidClearFlag
                0x08000914        0xc ./src/UART_Program.o
                0x08000914                MUSART1_vidClearFlag
 .text.main     0x08000920       0xac ./src/main.o
                0x08000920                main
 *(.rodata .rodata.* .constdata .constdata.*)
 .rodata.ESP_vidConnectServerTCP.str1.4
                0x080009cc       0x17 ./src/ESP_Program.o
                                 0x1b (size before relaxing)
 *fill*         0x080009e3        0x1 
 .rodata.ESP_vidConnectWiFi.str1.4
                0x080009e4       0x14 ./src/ESP_Program.o
                                 0x18 (size before relaxing)
 .rodata.ESP_vidGetFileFromServer.str1.4
                0x080009f8       0x3d ./src/ESP_Program.o
 *fill*         0x08000a35        0x3 
 .rodata.ESP_vidInit.str1.4
                0x08000a38       0x22 ./src/ESP_Program.o
 *fill*         0x08000a5a        0x2 
 .rodata.main.str1.4
                0x08000a5c       0x54 ./src/main.o
                                 0x53 (size before relaxing)
 *(vtable)
 *(.eh_frame*)
 *(.glue_7)
 .glue_7        0x08000ab0        0x0 linker stubs
 *(.glue_7t)
 .glue_7t       0x08000ab0        0x0 linker stubs

.vfp11_veneer   0x08000ab0        0x0
 .vfp11_veneer  0x08000ab0        0x0 linker stubs

.v4_bx          0x08000ab0        0x0
 .v4_bx         0x08000ab0        0x0 linker stubs

.iplt           0x08000ab0        0x0
 .iplt          0x08000ab0        0x0 ./system/src/newlib/_exit.o

.rel.dyn        0x08000ab0        0x0
 .rel.iplt      0x08000ab0        0x0 ./system/src/newlib/_exit.o

.ARM.extab
 *(.ARM.extab* .gnu.linkonce.armextab.*)
                0x08000ab0                . = ALIGN (0x4)
                0x08000ab0                __exidx_start = .

.ARM.exidx
 *(.ARM.exidx* .gnu.linkonce.armexidx.*)
                0x08000ab0                __exidx_end = .
                0x08000ab0                . = ALIGN (0x4)
                0x08000ab0                _etext = .
                0x08000ab0                __etext = .

.data_CCMRAM    0x00000000        0x0 load address 0x08000ab0
 FILL mask 0xff
 *(.data.CCMRAM .data.CCMRAM.*)
                0x00000000                . = ALIGN (0x4)
                0x08000ab0                _sidata = LOADADDR (.data)

.data           0x20000000       0x24 load address 0x08000ab0
 FILL mask 0xff
                0x20000000                _sdata = .
                0x20000000                __data_start__ = .
 *(.data_begin .data_begin.*)
 .data_begin    0x20000000        0x4 ./system/src/newlib/_startup.o
 *(.data .data.*)
 .data.argv.4310
                0x20000004        0x8 ./system/src/newlib/_syscalls.o
 .data.AHBPrescTable
                0x2000000c       0x10 ./system/src/cmsis/system_stm32f10x.o
                0x2000000c                AHBPrescTable
 .data.SystemCoreClock
                0x2000001c        0x4 ./system/src/cmsis/system_stm32f10x.o
                0x2000001c                SystemCoreClock
 *(.data_end .data_end.*)
 .data_end      0x20000020        0x4 ./system/src/newlib/_startup.o
                0x20000024                . = ALIGN (0x4)
                0x20000024                _edata = .
                0x20000024                __data_end__ = .

.igot.plt       0x20000024        0x0 load address 0x08000ad4
 .igot.plt      0x20000024        0x0 ./system/src/newlib/_exit.o

.bss_CCMRAM     0x00000000        0x0
 *(.bss.CCMRAM .bss.CCMRAM.*)

.bss            0x20000024      0x118
                0x20000024                __bss_start__ = .
                0x20000024                _sbss = .
 *(.bss_begin .bss_begin.*)
 .bss_begin     0x20000024        0x4 ./system/src/newlib/_startup.o
 *(.bss .bss.*)
 .bss.name.4309
                0x20000028        0x1 ./system/src/newlib/_syscalls.o
 *fill*         0x20000029        0x1 
 .bss.Counter   0x2000002a        0x2 ./src/ESP_Program.o
 .bss.DataBuffer
                0x2000002c       0xff ./src/ESP_Program.o
 .bss.flag      0x2000012b        0x1 ./src/SyStick_Program.o
 .bss.ptr_CallBack
                0x2000012c        0x4 ./src/SyStick_Program.o
 *(COMMON)
 COMMON         0x20000130        0x4 ./src/UART_Program.o
                0x20000130                MUSART1_CallBack
 COMMON         0x20000134        0x4 ./src/main.o
                0x20000134                ptr
 *(.bss_end .bss_end.*)
 .bss_end       0x20000138        0x4 ./system/src/newlib/_startup.o
                0x2000013c                . = ALIGN (0x4)
                0x2000013c                __bss_end__ = .
                0x2000013c                _ebss = .

.noinit_CCMRAM
 *(.noinit.CCMRAM .noinit.CCMRAM.*)

.noinit         0x2000013c        0x0
                0x2000013c                _noinit = .
 *(.noinit .noinit.*)
                0x2000013c                . = ALIGN (0x4)
                0x2000013c                _end_noinit = .
                [!provide]                PROVIDE (end, _end_noinit)
                [!provide]                PROVIDE (_end, _end_noinit)
                [!provide]                PROVIDE (__end, _end_noinit)
                [!provide]                PROVIDE (__end__, _end_noinit)

._check_stack   0x2000013c      0x100
                0x2000023c                . = (. + _Minimum_Stack_Size)
 *fill*         0x2000013c      0x100 

.b1text
 *(.b1text)
 *(.b1rodata)
 *(.b1rodata.*)

.eb0text
 *(.eb0text)
 *(.eb0rodata)
 *(.eb0rodata.*)

.eb1text
 *(.eb1text)
 *(.eb1rodata)
 *(.eb1rodata.*)

.eb2text
 *(.eb2text)
 *(.eb2rodata)
 *(.eb2rodata.*)

.eb3text
 *(.eb3text)
 *(.eb3rodata)
 *(.eb3rodata.*)

.stab
 *(.stab)

.stabstr
 *(.stabstr)

.stab.excl
 *(.stab.excl)

.stab.exclstr
 *(.stab.exclstr)

.stab.index
 *(.stab.index)

.stab.indexstr
 *(.stab.indexstr)

.comment        0x00000000       0x7e
 *(.comment)
 .comment       0x00000000       0x7e ./system/src/newlib/_exit.o
                                 0x7f (size before relaxing)
 .comment       0x0000007e       0x7f ./system/src/newlib/_startup.o
 .comment       0x0000007e       0x7f ./system/src/newlib/_syscalls.o
 .comment       0x0000007e       0x7f ./system/src/cortexm/_initialize_hardware.o
 .comment       0x0000007e       0x7f ./system/src/cmsis/system_stm32f10x.o
 .comment       0x0000007e       0x7f ./system/src/cmsis/vectors_stm32f10x.o
 .comment       0x0000007e       0x7f ./src/DIO_Program.o
 .comment       0x0000007e       0x7f ./src/ESP_Program.o
 .comment       0x0000007e       0x7f ./src/NVIC_Program.o
 .comment       0x0000007e       0x7f ./src/RCC_Program.o
 .comment       0x0000007e       0x7f ./src/SyStick_Program.o
 .comment       0x0000007e       0x7f ./src/UART_Program.o
 .comment       0x0000007e       0x7f ./src/main.o

.ARM.attributes
                0x00000000       0x31
 .ARM.attributes
                0x00000000       0x33 ./system/src/newlib/_exit.o
 .ARM.attributes
                0x00000033       0x33 ./system/src/newlib/_startup.o
 .ARM.attributes
                0x00000066       0x33 ./system/src/newlib/_syscalls.o
 .ARM.attributes
                0x00000099       0x33 ./system/src/cortexm/_initialize_hardware.o
 .ARM.attributes
                0x000000cc       0x33 ./system/src/cmsis/system_stm32f10x.o
 .ARM.attributes
                0x000000ff       0x33 ./system/src/cmsis/vectors_stm32f10x.o
 .ARM.attributes
                0x00000132       0x33 ./src/DIO_Program.o
 .ARM.attributes
                0x00000165       0x33 ./src/ESP_Program.o
 .ARM.attributes
                0x00000198       0x33 ./src/NVIC_Program.o
 .ARM.attributes
                0x000001cb       0x33 ./src/RCC_Program.o
 .ARM.attributes
                0x000001fe       0x33 ./src/SyStick_Program.o
 .ARM.attributes
                0x00000231       0x33 ./src/UART_Program.o
 .ARM.attributes
                0x00000264       0x33 ./src/main.o

.debug
 *(.debug)

.line
 *(.line)

.debug_srcinfo
 *(.debug_srcinfo)

.debug_sfnames
 *(.debug_sfnames)

.debug_aranges  0x00000000      0x310
 *(.debug_aranges)
 .debug_aranges
                0x00000000       0x28 ./system/src/newlib/_exit.o
 .debug_aranges
                0x00000028       0x40 ./system/src/newlib/_startup.o
 .debug_aranges
                0x00000068       0x30 ./system/src/newlib/_syscalls.o
 .debug_aranges
                0x00000098       0x28 ./system/src/cortexm/_initialize_hardware.o
 .debug_aranges
                0x000000c0       0x38 ./system/src/cmsis/system_stm32f10x.o
 .debug_aranges
                0x000000f8       0x20 ./system/src/cmsis/vectors_stm32f10x.o
 .debug_aranges
                0x00000118       0x60 ./src/DIO_Program.o
 .debug_aranges
                0x00000178       0x48 ./src/ESP_Program.o
 .debug_aranges
                0x000001c0       0x50 ./src/NVIC_Program.o
 .debug_aranges
                0x00000210       0x30 ./src/RCC_Program.o
 .debug_aranges
                0x00000240       0x58 ./src/SyStick_Program.o
 .debug_aranges
                0x00000298       0x58 ./src/UART_Program.o
 .debug_aranges
                0x000002f0       0x20 ./src/main.o

.debug_pubnames
 *(.debug_pubnames)

.debug_info     0x00000000     0x329f
 *(.debug_info .gnu.linkonce.wi.*)
 .debug_info    0x00000000      0x956 ./system/src/newlib/_exit.o
 .debug_info    0x00000956      0x42e ./system/src/newlib/_startup.o
 .debug_info    0x00000d84      0xa19 ./system/src/newlib/_syscalls.o
 .debug_info    0x0000179d      0x2b5 ./system/src/cortexm/_initialize_hardware.o
 .debug_info    0x00001a52      0x494 ./system/src/cmsis/system_stm32f10x.o
 .debug_info    0x00001ee6       0xca ./system/src/cmsis/vectors_stm32f10x.o
 .debug_info    0x00001fb0      0x3a8 ./src/DIO_Program.o
 .debug_info    0x00002358      0x445 ./src/ESP_Program.o
 .debug_info    0x0000279d      0x342 ./src/NVIC_Program.o
 .debug_info    0x00002adf      0x191 ./src/RCC_Program.o
 .debug_info    0x00002c70      0x17e ./src/SyStick_Program.o
 .debug_info    0x00002dee      0x217 ./src/UART_Program.o
 .debug_info    0x00003005      0x29a ./src/main.o

.debug_abbrev   0x00000000      0xfdf
 *(.debug_abbrev)
 .debug_abbrev  0x00000000      0x1f3 ./system/src/newlib/_exit.o
 .debug_abbrev  0x000001f3      0x1b3 ./system/src/newlib/_startup.o
 .debug_abbrev  0x000003a6      0x234 ./system/src/newlib/_syscalls.o
 .debug_abbrev  0x000005da       0xea ./system/src/cortexm/_initialize_hardware.o
 .debug_abbrev  0x000006c4      0x177 ./system/src/cmsis/system_stm32f10x.o
 .debug_abbrev  0x0000083b       0x9d ./system/src/cmsis/vectors_stm32f10x.o
 .debug_abbrev  0x000008d8      0x135 ./src/DIO_Program.o
 .debug_abbrev  0x00000a0d      0x105 ./src/ESP_Program.o
 .debug_abbrev  0x00000b12      0x14b ./src/NVIC_Program.o
 .debug_abbrev  0x00000c5d       0xa2 ./src/RCC_Program.o
 .debug_abbrev  0x00000cff       0xd0 ./src/SyStick_Program.o
 .debug_abbrev  0x00000dcf      0x151 ./src/UART_Program.o
 .debug_abbrev  0x00000f20       0xbf ./src/main.o

.debug_line     0x00000000     0x1c1c
 *(.debug_line)
 .debug_line    0x00000000      0x32f ./system/src/newlib/_exit.o
 .debug_line    0x0000032f      0x39d ./system/src/newlib/_startup.o
 .debug_line    0x000006cc      0x3f1 ./system/src/newlib/_syscalls.o
 .debug_line    0x00000abd      0x36c ./system/src/cortexm/_initialize_hardware.o
 .debug_line    0x00000e29      0x3df ./system/src/cmsis/system_stm32f10x.o
 .debug_line    0x00001208       0xf8 ./system/src/cmsis/vectors_stm32f10x.o
 .debug_line    0x00001300      0x20e ./src/DIO_Program.o
 .debug_line    0x0000150e      0x187 ./src/ESP_Program.o
 .debug_line    0x00001695      0x117 ./src/NVIC_Program.o
 .debug_line    0x000017ac       0xe0 ./src/RCC_Program.o
 .debug_line    0x0000188c      0x142 ./src/SyStick_Program.o
 .debug_line    0x000019ce      0x15d ./src/UART_Program.o
 .debug_line    0x00001b2b       0xf1 ./src/main.o

.debug_frame    0x00000000      0x554
 *(.debug_frame)
 .debug_frame   0x00000000       0x38 ./system/src/newlib/_exit.o
 .debug_frame   0x00000038       0x7c ./system/src/newlib/_startup.o
 .debug_frame   0x000000b4       0x50 ./system/src/newlib/_syscalls.o
 .debug_frame   0x00000104       0x40 ./system/src/cortexm/_initialize_hardware.o
 .debug_frame   0x00000144       0x6c ./system/src/cmsis/system_stm32f10x.o
 .debug_frame   0x000001b0       0x20 ./system/src/cmsis/vectors_stm32f10x.o
 .debug_frame   0x000001d0       0xb8 ./src/DIO_Program.o
 .debug_frame   0x00000288       0xa0 ./src/ESP_Program.o
 .debug_frame   0x00000328       0x80 ./src/NVIC_Program.o
 .debug_frame   0x000003a8       0x40 ./src/RCC_Program.o
 .debug_frame   0x000003e8       0x98 ./src/SyStick_Program.o
 .debug_frame   0x00000480       0xac ./src/UART_Program.o
 .debug_frame   0x0000052c       0x28 ./src/main.o

.debug_str      0x00000000    0x56233
 *(.debug_str)
 .debug_str     0x00000000     0x7cfb ./system/src/newlib/_exit.o
                               0x7ec7 (size before relaxing)
 .debug_str     0x00007cfb      0xbbd ./system/src/newlib/_startup.o
                               0x69b4 (size before relaxing)
 .debug_str     0x000088b8     0x1311 ./system/src/newlib/_syscalls.o
                               0x8154 (size before relaxing)
 .debug_str     0x00009bc9    0x4b01b ./system/src/cortexm/_initialize_hardware.o
                              0x4e816 (size before relaxing)
 .debug_str     0x00054be4       0xea ./system/src/cmsis/system_stm32f10x.o
                              0x4e8b0 (size before relaxing)
 .debug_str     0x00054cce       0x9d ./system/src/cmsis/vectors_stm32f10x.o
                               0x3855 (size before relaxing)
 .debug_str     0x00054d6b      0x4d9 ./src/DIO_Program.o
                               0x3238 (size before relaxing)
 .debug_str     0x00055244      0x1c7 ./src/ESP_Program.o
                               0x2fe3 (size before relaxing)
 .debug_str     0x0005540b      0x2c2 ./src/NVIC_Program.o
                               0x311d (size before relaxing)
 .debug_str     0x000556cd      0x69e ./src/RCC_Program.o
                               0x34a0 (size before relaxing)
 .debug_str     0x00055d6b      0x1d7 ./src/SyStick_Program.o
                               0x3003 (size before relaxing)
 .debug_str     0x00055f42      0x2e3 ./src/UART_Program.o
                               0x316a (size before relaxing)
 .debug_str     0x00056225        0xe ./src/main.o
                               0x34dd (size before relaxing)

.debug_loc      0x00000000      0xfe2
 *(.debug_loc)
 .debug_loc     0x00000000      0x1a9 ./system/src/newlib/_startup.o
 .debug_loc     0x000001a9       0x63 ./system/src/newlib/_syscalls.o
 .debug_loc     0x0000020c       0xdf ./system/src/cmsis/system_stm32f10x.o
 .debug_loc     0x000002eb      0x927 ./src/DIO_Program.o
 .debug_loc     0x00000c12      0x10e ./src/ESP_Program.o
 .debug_loc     0x00000d20       0xc6 ./src/NVIC_Program.o
 .debug_loc     0x00000de6      0x16b ./src/RCC_Program.o
 .debug_loc     0x00000f51       0x67 ./src/UART_Program.o
 .debug_loc     0x00000fb8       0x2a ./src/main.o

.debug_macinfo
 *(.debug_macinfo)

.debug_weaknames
 *(.debug_weaknames)

.debug_funcnames
 *(.debug_funcnames)

.debug_typenames
 *(.debug_typenames)

.debug_varnames
 *(.debug_varnames)
OUTPUT(WIFI_Driver.elf elf32-littlearm)

.debug_ranges   0x00000000      0x288
 .debug_ranges  0x00000000       0x18 ./system/src/newlib/_exit.o
 .debug_ranges  0x00000018       0x78 ./system/src/newlib/_startup.o
 .debug_ranges  0x00000090       0x20 ./system/src/newlib/_syscalls.o
 .debug_ranges  0x000000b0       0x18 ./system/src/cortexm/_initialize_hardware.o
 .debug_ranges  0x000000c8       0x28 ./system/src/cmsis/system_stm32f10x.o
 .debug_ranges  0x000000f0       0x10 ./system/src/cmsis/vectors_stm32f10x.o
 .debug_ranges  0x00000100       0x50 ./src/DIO_Program.o
 .debug_ranges  0x00000150       0x38 ./src/ESP_Program.o
 .debug_ranges  0x00000188       0x40 ./src/NVIC_Program.o
 .debug_ranges  0x000001c8       0x20 ./src/RCC_Program.o
 .debug_ranges  0x000001e8       0x48 ./src/SyStick_Program.o
 .debug_ranges  0x00000230       0x48 ./src/UART_Program.o
 .debug_ranges  0x00000278       0x10 ./src/main.o

.debug_macro    0x00000000     0x19df
 .debug_macro   0x00000000      0x1b4 ./system/src/newlib/_exit.o
 .debug_macro   0x000001b4       0x9c ./system/src/newlib/_exit.o
 .debug_macro   0x00000250      0x10e ./system/src/newlib/_exit.o
 .debug_macro   0x0000035e       0x8d ./system/src/newlib/_exit.o
 .debug_macro   0x000003eb       0x43 ./system/src/newlib/_exit.o
 .debug_macro   0x0000042e      0x330 ./system/src/newlib/_exit.o
 .debug_macro   0x0000075e       0x35 ./system/src/newlib/_exit.o
 .debug_macro   0x00000793      0x173 ./system/src/newlib/_startup.o
 .debug_macro   0x00000906      0x217 ./system/src/newlib/_syscalls.o
 .debug_macro   0x00000b1d       0x1c ./system/src/newlib/_syscalls.o
 .debug_macro   0x00000b39       0x10 ./system/src/newlib/_syscalls.o
 .debug_macro   0x00000b49       0x10 ./system/src/newlib/_syscalls.o
 .debug_macro   0x00000b59       0x10 ./system/src/newlib/_syscalls.o
 .debug_macro   0x00000b69       0x35 ./system/src/newlib/_syscalls.o
 .debug_macro   0x00000b9e      0x122 ./system/src/newlib/_syscalls.o
 .debug_macro   0x00000cc0       0x88 ./system/src/newlib/_syscalls.o
 .debug_macro   0x00000d48       0x2b ./system/src/newlib/_syscalls.o
 .debug_macro   0x00000d73      0x118 ./system/src/newlib/_syscalls.o
 .debug_macro   0x00000e8b      0x189 ./system/src/newlib/_syscalls.o
 .debug_macro   0x00001014       0x16 ./system/src/newlib/_syscalls.o
 .debug_macro   0x0000102a      0x16b ./system/src/cortexm/_initialize_hardware.o
 .debug_macro   0x00001195      0x16e ./system/src/cmsis/system_stm32f10x.o
 .debug_macro   0x00001303       0x34 ./system/src/cmsis/vectors_stm32f10x.o
 .debug_macro   0x00001337       0x36 ./src/DIO_Program.o
 .debug_macro   0x0000136d       0x22 ./src/DIO_Program.o
 .debug_macro   0x0000138f       0x1c ./src/DIO_Program.o
 .debug_macro   0x000013ab       0xee ./src/DIO_Program.o
 .debug_macro   0x00001499       0x55 ./src/ESP_Program.o
 .debug_macro   0x000014ee       0x16 ./src/ESP_Program.o
 .debug_macro   0x00001504       0x3f ./src/NVIC_Program.o
 .debug_macro   0x00001543       0x2e ./src/NVIC_Program.o
 .debug_macro   0x00001571       0x1c ./src/NVIC_Program.o
 .debug_macro   0x0000158d       0x10 ./src/NVIC_Program.o
 .debug_macro   0x0000159d       0x3f ./src/RCC_Program.o
 .debug_macro   0x000015dc       0xee ./src/RCC_Program.o
 .debug_macro   0x000016ca      0x13c ./src/RCC_Program.o
 .debug_macro   0x00001806       0x10 ./src/RCC_Program.o
 .debug_macro   0x00001816       0x40 ./src/SyStick_Program.o
 .debug_macro   0x00001856       0x22 ./src/SyStick_Program.o
 .debug_macro   0x00001878       0x1c ./src/SyStick_Program.o
 .debug_macro   0x00001894       0x4a ./src/UART_Program.o
 .debug_macro   0x000018de       0x6a ./src/UART_Program.o
 .debug_macro   0x00001948       0x3a ./src/UART_Program.o
 .debug_macro   0x00001982       0x5d ./src/main.o
